[PASS] file_drop: daily_all: same files (5156 files; only in baseline [], only in Shape [])
[PASS] file_drop: daily_all: data files equal (2088 files, 39 explained by the allow-list; first problems [])
[PASS] file_drop: daily_all: manifests equal (1534 manifests; [])
[PASS] file_drop: daily_all: done flags (1534 flags; bad [])
[PASS] file_drop: daily_all: stats rows_written and formats equal (['customer', 'order', 'product', 'promotion', 'return']; differ [])
[PASS] file_drop: daily_all: stats files equal (baseline minus 40 replaced listings) (2088 vs 2088)
[PASS] file_drop: daily_all: files listed once (Shape) (2088 listed)
[PASS] file_drop: hourly_formats: same files (502 files; only in baseline [], only in Shape [])
[PASS] file_drop: hourly_formats: data files equal (336 files, 68 explained by the allow-list; first problems [])
[PASS] file_drop: hourly_formats: manifests equal (83 manifests; [])
[PASS] file_drop: hourly_formats: done flags (83 flags; bad [])
[PASS] file_drop: hourly_formats: stats rows_written and formats equal (['customer', 'order']; differ [])
[PASS] file_drop: hourly_formats: stats files equal (baseline minus 0 replaced listings) (336 vs 336)
[PASS] file_drop: hourly_formats: files listed once (Shape) (336 listed)
[PASS] file_drop: quarter_hour_round_robin: same files (646 files; only in baseline [], only in Shape [])
[PASS] file_drop: quarter_hour_round_robin: data files equal (258 files, 0 explained by the allow-list; first problems [])
[PASS] file_drop: quarter_hour_round_robin: manifests equal (194 manifests; [])
[PASS] file_drop: quarter_hour_round_robin: done flags (194 flags; bad [])
[PASS] file_drop: quarter_hour_round_robin: stats rows_written and formats equal (['product', 'store']; differ [])
[PASS] file_drop: quarter_hour_round_robin: stats files equal (baseline minus 0 replaced listings) (258 vs 258)
[PASS] file_drop: quarter_hour_round_robin: files listed once (Shape) (258 listed)
[PASS] file_drop: plain: same files (583 files; only in baseline [], only in Shape [])
[PASS] file_drop: plain: data files equal (583 files, 0 explained by the allow-list; first problems [])
[PASS] file_drop: plain: manifests equal (0 manifests; [])
[PASS] file_drop: plain: done flags (0 flags; bad [])
[PASS] file_drop: plain: stats rows_written and formats equal (['order', 'return']; differ [])
[PASS] file_drop: plain: stats files equal (baseline minus 0 replaced listings) (583 vs 583)
[PASS] file_drop: plain: files listed once (Shape) (583 listed)
[PASS] file_drop: FD-5 probe: baseline JSON Lines lose sub-millisecond precision, Shape's keep it (customer files equal to their Parquet twin (equal, different): baseline (0, 62), Shape (62, 0); 68 files explained)
[PASS] file_drop: late_collisions: same files (2917 files; only in baseline [], only in Shape [])
[PASS] file_drop: late_collisions: data files equal (1331 files, 115 explained by the allow-list; first problems [])
[PASS] file_drop: late_collisions: manifests equal (793 manifests; [])
[PASS] file_drop: late_collisions: done flags (793 flags; bad [])
[PASS] file_drop: late_collisions: stats rows_written and formats equal (['customer', 'order']; differ [])
[PASS] file_drop: late_collisions: stats files equal (baseline minus 134 replaced listings) (1331 vs 1331)
[PASS] file_drop: late_collisions: files listed once (Shape) (1331 listed)
[PASS] file_drop: FD-2 probe: baseline loses late rows, Shape loses none ((in range, baseline wrote, Shape wrote) per table: {'order': (1087, 954, 1087), 'customer': (480, 450, 480)})
[PASS] file_drop: FD-2 probe: baseline lists a replaced file twice; the replaced rows are the differences found (listed twice 134; lost rows seen as 00900 differences 163)
[PASS] file_drop: FD-1 probe: baseline raises for multi_file_enabled (AttributeError: 'numpy.ndarray' object has no attribute 'empty')
[PASS] file_drop: FD-1 probe: Shape splits each partition into near-equal files with checksums (bad [])
[PASS] file_drop: FD-1 probe: the split files hold the single-file run's rows, in order (1087 rows, 8 columns)
[PASS] file_drop: FD-3 probe: baseline writes no data for an integer 'updated_count' column, Shape deals the rows out (baseline data files 0 (error None); Shape rows 200 (error None))
[PASS] file_drop: FD-4 probe: baseline accepts cadence 'weekly' (and says so in its manifest), Shape raises (baseline error None manifest cadence weekly; Shape error ValueError: unknown cadence 'weekly'; use one of daily, hourly, every_15m)
[PASS] file_drop: FD-4 probe: baseline writes nothing for an end date before the start without an error, Shape raises (baseline files 0 error None; Shape error ValueError: date_range_end is before date_range_start)
[PASS] file_drop: T-21 order: (a)-(e) on 8 columns (not equivalent: [])
[PASS] file_drop: T-21 order: rows written (Shape 5235 vs baseline 5160 (tol 359.2))
[PASS] file_drop: T-21 return: (a)-(e) on 5 columns (not equivalent: [])
[PASS] file_drop: T-21 return: rows written (Shape 881 vs baseline 889 (tol 149.1))
[PASS] file_drop: T-21: data files written (Shape 2086 vs baseline 2096 (tol 228.9))
[PASS] inner: both_paths: same files (623 files; only in baseline [], only in Shape [])
[PASS] inner: both_paths: data files equal (243 files, 4 explained by the allow-list; first problems [])
[PASS] inner: both_paths: manifests equal (190 manifests; [])
[PASS] inner: both_paths: done flags (190 flags; bad [])
[PASS] hybrid: both_paths: result statistics equal (drop stats, files, stream counts, link strategy) ({'order': {'files': 205, 'formats': ['parquet'], 'rows_written': 208}, 'return': {'files': 38, 'formats': ['parquet'], 'rows_written': 32}} {'events_sent': 5850, 'replays': 1401, 'topics': ['order', 'return']})
[PASS] inner: both_paths: same number of events (7251 vs 7251)
[PASS] inner: both_paths: same order of (table, row, replay) for every event (first difference at event None)
[PASS] inner: both_paths: envelope fields (mapped baseline names + shapetable, shapeseq) (first at [])
[PASS] inner: both_paths: envelope values equal (specversion, source, type, datacontenttype, topic, schemaversion) (first at [])
[PASS] inner: both_paths: Shape time/replaytime are ISO-8601 UTC, id is <table>/<row> (first at [])
[PASS] inner: both_paths: a replayed event repeats the id of its original
[PASS] inner: both_paths: data field names and order (mapped)
[PASS] inner: both_paths: data values equal (7251 rows, 14 columns)
[PASS] inner: both_paths: _shape_event_time is the first date column's value (0 events)
[PASS] hybrid: both_paths: Shape's run id is a UUID (d38acfd3-fb42-4516-9fd7-b66ccd5ab844)
[PASS] hybrid: both_paths: every row of the drop and every event carries the run id (_correlation_id) ({'d38acfd3-fb42-4516-9fd7-b66ccd5ab844'} {'d38acfd3-fb42-4516-9fd7-b66ccd5ab844'})
[PASS] hybrid: both_paths: every manifest has the run id as its correlation_id (HY-1) ({'d38acfd3-fb42-4516-9fd7-b66ccd5ab844'})
[PASS] hybrid: both_paths: every event has the run id as its correlationid (HY-1) ({'d38acfd3-fb42-4516-9fd7-b66ccd5ab844'})
[PASS] inner: split_concurrent_natural_keys: same files (630 files; only in baseline [], only in Shape [])
[PASS] inner: split_concurrent_natural_keys: data files equal (210 files, 0 explained by the allow-list; first problems [])
[PASS] inner: split_concurrent_natural_keys: manifests equal (210 manifests; [])
[PASS] inner: split_concurrent_natural_keys: done flags (210 flags; bad [])
[PASS] hybrid: split_concurrent_natural_keys: result statistics equal (drop stats, files, stream counts, link strategy) ({'customer': {'files': 177, 'formats': ['parquet'], 'rows_written': 256}, 'return': {'files': 33, 'formats': ['parquet'], 'rows_written': 37}} {'events_sent': 800, 'replays': 215, 'topics': ['customer', 'order']})
[PASS] inner: split_concurrent_natural_keys: same number of events (1015 vs 1015)
[PASS] inner: split_concurrent_natural_keys: same order of (table, row, replay) for every event (first difference at event None)
[PASS] inner: split_concurrent_natural_keys: envelope fields (mapped baseline names + shapetable, shapeseq) (first at [])
[PASS] inner: split_concurrent_natural_keys: envelope values equal (specversion, source, type, datacontenttype, topic, schemaversion) (first at [])
[PASS] inner: split_concurrent_natural_keys: Shape time/replaytime are ISO-8601 UTC, id is <table>/<row> (first at [])
[PASS] inner: split_concurrent_natural_keys: a replayed event repeats the id of its original
[PASS] inner: split_concurrent_natural_keys: data field names and order (mapped)
[PASS] inner: split_concurrent_natural_keys: data values equal (1015 rows, 10 columns)
[PASS] inner: split_concurrent_natural_keys: _shape_event_time is the first date column's value (0 events)
[PASS] hybrid: split_concurrent_natural_keys: Shape's run id is a UUID (62b8194e-5815-4b2a-807d-b9dfe0cadb8d)
[PASS] hybrid: split_concurrent_natural_keys: nothing is stamped with natural_keys (set() {None})
[PASS] hybrid: HY-1 probe: the baseline's manifests and events carry ids other than the run id in the rows, Shape's carry the run id (baseline: rows 1 id, manifests 190 ids, events 5850 ids (none equal the run id); Shape: one id everywhere)
[PASS] hybrid: HY-2 probe: the baseline skips an unknown stream table without a word (and streams the rest), Shape raises (baseline error None stream {'events_sent': 5000, 'replays': 1195, 'topics': ['order']}; Shape error ValueError: unknown table 'ordr'; the tables are order, return)
[PASS] hybrid: T-21 drop order: (a)-(e) on 8 columns (not equivalent: [])
[PASS] hybrid: T-21 drop return: (a)-(e) on 5 columns (not equivalent: [])
[PASS] hybrid: T-21 stream: (a)-(e) on 12 data fields (not equivalent: [])
[PASS] hybrid: T-21 stream: events delivered (Shape 6520 vs baseline 6385 (tol 399.5))
[PASS] scd2_file_drops: customers: same files (33 files; only in baseline [], only in Shape [])
[PASS] scd2_file_drops: customers: data files equal (22 files, 20 explained by the allow-list; first problems [])
[PASS] scd2_file_drops: customers: manifests equal (11 manifests; [])
[PASS] scd2_file_drops: customers: done flags (0 flags; bad [])
[PASS] scd2_file_drops: customers: stats equal ({'days_simulated': 10, 'initial_rows': 1000, 'total_deltas': 1304, 'total_new': 214, 'total_updates': 545})
[PASS] scd2_file_drops: customers: initial snapshot has the same columns in the same order
[PASS] scd2_file_drops: orders_with_nulls: same files (26 files; only in baseline [], only in Shape [])
[PASS] scd2_file_drops: orders_with_nulls: data files equal (13 files, 12 explained by the allow-list; first problems [])
[PASS] scd2_file_drops: orders_with_nulls: manifests equal (13 manifests; [])
[PASS] scd2_file_drops: orders_with_nulls: done flags (0 flags; bad [])
[PASS] scd2_file_drops: orders_with_nulls: stats equal ({'days_simulated': 12, 'initial_rows': 5000, 'total_deltas': 19871, 'total_new': 3971, 'total_updates': 7950})
[PASS] scd2_file_drops: orders_with_nulls: initial snapshot has the same columns in the same order
[PASS] scd2_file_drops: customers: Shape's version chain is consistent (no missing valid_from or is_current, no gaps, one current version per entity) (Shape {'no_valid_from': 0, 'no_current_flag': 0, 'version_gaps': 0, 'not_exactly_one_current': 0, 'last_version_closed': 0})
[PASS] scd2_file_drops: SCD-1 / SCD-2 probe: the baseline's chain is broken, and the differences found are exactly those rows (baseline {'no_valid_from': 617, 'no_current_flag': 168, 'version_gaps': 814, 'not_exactly_one_current': 533, 'last_version_closed': 0}; explained expired rows 898, inserts 336)
[PASS] scd2_file_drops: SCD-3 probe: baseline delta columns differ from the snapshot's, Shape's are the snapshot's plus _delta_type (baseline ['customer_id', 'first_name', 'last_name', 'email', 'gender', 'loyalty_tier', 'signup_date', 'is_active', 'valid_to', 'is_current', '_delta_type', 'valid_from']; Shape ['customer_id', 'first_name', 'last_name', 'email', 'gender', 'loyalty_tier', 'signup_date', 'is_active', 'valid_from', 'valid_to', 'is_current', '_delta_type'])
[PASS] scd2_file_drops: orders_with_nulls: Shape's version chain is consistent (no missing valid_from or is_current, no gaps, one current version per entity) (Shape {'no_valid_from': 0, 'no_current_flag': 0, 'version_gaps': 0, 'not_exactly_one_current': 0, 'last_version_closed': 0})
[PASS] scd2_file_drops: SCD-4 probe: baseline has fractional shipping_address_id values after a change, Shape has none (fractional values: baseline 6289, Shape 0; delta files explained 24)
[PASS] scd2_file_drops: SCD-5 probe: baseline fails late (snapshot already written), Shape raises first and names the key column (baseline ArrowTypeError: ("Expected bytes, got a 'int' object", 'Conversion fai (snapshot written: True); Shape ValueError: the business key column 'id' of table 't' must be numeric (new entities get the next integer key) (written: False))
[PASS] scd2_file_drops: T-21 order: (a)-(e) on 11 columns (valid_from, is_current: SCD-1/2) (not equivalent: [])
[PASS] scd2_file_drops: T-21 order: initial_rows (Shape 5000 vs baseline 5000 (tol 353.6))
[PASS] scd2_file_drops: T-21 order: total_deltas (Shape 6560 vs baseline 6560 (tol 405.0))
[PASS] scd2_file_drops: T-21 order: total_new (Shape 1092 vs baseline 1092 (tol 165.2))
[PASS] scd2_file_drops: T-21 order: total_updates (Shape 2734 vs baseline 2734 (tol 261.4))
[PASS] scd2_file_drops: T-21 order: valid_from and is_current of Shape's rows are complete (no nulls where the baseline has them)
[PASS] state_machine: order_fulfillment: events equal (event_id aside) (5664 rows, 7 columns)
[PASS] state_machine: order_fulfillment: Shape event_id are unique UUIDs (5664 ids)
[PASS] state_machine: order_fulfillment: summaries equal for entities that moved (2000 rows, 6 columns)
[PASS] state_machine: order_fulfillment: stats equal ({'anomaly_count': 611, 'config_seed': 7, 'mean_completion_hours': 87.5717, 'total_entities': 2000, 'total_events': 5664})
[PASS] state_machine: order_fulfillment: state_distribution equal ({'cancelled': 336, 'confirmed': 60, 'created': 62, 'delivered': 1336, 'returned': 158, 'shipped': 48})
[PASS] state_machine: support_ticket: events equal (event_id aside) (6791 rows, 7 columns)
[PASS] state_machine: support_ticket: Shape event_id are unique UUIDs (6791 ids)
[PASS] state_machine: support_ticket: summaries equal for entities that moved (1500 rows, 6 columns)
[PASS] state_machine: support_ticket: stats equal ({'anomaly_count': 245, 'config_seed': 8, 'mean_completion_hours': 24.7334, 'total_entities': 1500, 'total_events': 6791})
[PASS] state_machine: support_ticket: state_distribution equal ({'closed': 1426, 'escalated': 6, 'in_progress': 18, 'opened': 15, 'reopened': 2, 'resolved': 16, 'triaged': 17})
[PASS] state_machine: onboarding_no_anomalies: events equal (event_id aside) (6861 rows, 7 columns)
[PASS] state_machine: onboarding_no_anomalies: Shape event_id are unique UUIDs (6861 ids)
[PASS] state_machine: onboarding_no_anomalies: summaries equal for entities that moved (3000 rows, 6 columns)
[PASS] state_machine: onboarding_no_anomalies: stats equal ({'anomaly_count': 0, 'config_seed': 9, 'mean_completion_hours': 179.651, 'total_entities': 3000, 'total_events': 6861})
[PASS] state_machine: onboarding_no_anomalies: state_distribution equal ({'hired': 411, 'rejected': 2169, 'withdrawn': 420})
[PASS] state_machine: custom_graph: events equal (event_id aside) (1150 rows, 7 columns)
[PASS] state_machine: custom_graph: Shape event_id are unique UUIDs (1150 ids)
[PASS] state_machine: custom_graph: summaries equal for entities that moved (502 rows, 6 columns)
[PASS] state_machine: custom_graph: WF-1: 498 entities that never moved differ only in their initial state
[PASS] state_machine: custom_graph: stats equal ({'anomaly_count': 61, 'config_seed': 10, 'mean_completion_hours': 10.4644, 'total_entities': 1000, 'total_events': 1150})
[PASS] state_machine: custom_graph: state_distribution equal ({'done': 489, 'new': 9, 'parked': 498, 'work': 4})
[PASS] state_machine: WF-2 probe: the baseline's ids change on every run, Shape's are reproducible
[PASS] state_machine: T-21 events: (a)-(e) on 6 columns (not equivalent: [])
[PASS] state_machine: T-21 entity summary: (a)-(e) on 5 columns (not equivalent: [])
[PASS] state_machine: T-21: total_events (Shape 16552 vs baseline 16521 (tol 642.7))
[PASS] state_machine: T-21: anomaly_count (Shape 571 vs baseline 555 (tol 117.8))
[PASS] state_machine: T-21: mean_completion_hours (Shape 86.5293 vs baseline 86.6617 (tol 46.5))
[PASS] stream_emit: mixed: the default event file is named events.jsonl (baseline's name mapped) (events.jsonl / events.jsonl)
[PASS] stream_emit: mixed: same number of events (5000 vs 5000)
[PASS] stream_emit: mixed: same order of (table, row, replay) for every event (first difference at event None)
[PASS] stream_emit: mixed: envelope fields (mapped baseline names + shapetable, shapeseq) (first at [])
[PASS] stream_emit: mixed: envelope values equal (specversion, source, type, datacontenttype, topic, schemaversion) (first at [])
[PASS] stream_emit: mixed: Shape time/replaytime are ISO-8601 UTC, id is <table>/<row> (first at [])
[PASS] stream_emit: mixed: a replayed event repeats the id of its original
[PASS] stream_emit: mixed: data field names and order (mapped)
[PASS] stream_emit: mixed: data values equal (5000 rows, 17 columns)
[PASS] stream_emit: mixed: _shape_event_time is the first date column's value (0 events)
[PASS] stream_emit: mixed: results (events sent, replays, topics, schema versions) equal ([(4000, 1000)])
[PASS] stream_emit: topics_all_events: the default event file is named events.jsonl (baseline's name mapped) (events.jsonl / events.jsonl)
[PASS] stream_emit: topics_all_events: same number of events (6850 vs 6850)
[PASS] stream_emit: topics_all_events: same order of (table, row, replay) for every event (first difference at event None)
[PASS] stream_emit: topics_all_events: envelope fields (mapped baseline names + shapetable, shapeseq) (first at [])
[PASS] stream_emit: topics_all_events: envelope values equal (specversion, source, type, datacontenttype, topic, schemaversion) (first at [])
[PASS] stream_emit: topics_all_events: Shape time/replaytime are ISO-8601 UTC, id is <table>/<row> (first at [])
[PASS] stream_emit: topics_all_events: a replayed event repeats the id of its original
[PASS] stream_emit: topics_all_events: data field names and order (mapped)
[PASS] stream_emit: topics_all_events: data values equal (6850 rows, 21 columns)
[PASS] stream_emit: topics_all_events: _shape_event_time is the first date column's value (0 events)
[PASS] stream_emit: topics_all_events: results (events sent, replays, topics, schema versions) equal ([(6850, 0)])
[PASS] stream_emit: single_topic: the default event file is named events.jsonl (baseline's name mapped) (events.jsonl / events.jsonl)
[PASS] stream_emit: single_topic: same number of events (1500 vs 1500)
[PASS] stream_emit: single_topic: same order of (table, row, replay) for every event (first difference at event None)
[PASS] stream_emit: single_topic: envelope fields (mapped baseline names + shapetable, shapeseq) (first at [])
[PASS] stream_emit: single_topic: envelope values equal (specversion, source, type, datacontenttype, topic, schemaversion) (first at [])
[PASS] stream_emit: single_topic: Shape time/replaytime are ISO-8601 UTC, id is <table>/<row> (first at [])
[PASS] stream_emit: single_topic: a replayed event repeats the id of its original
[PASS] stream_emit: single_topic: data field names and order (mapped)
[PASS] stream_emit: single_topic: data values equal (1500 rows, 17 columns)
[PASS] stream_emit: single_topic: _shape_event_time is the first date column's value (0 events)
[PASS] stream_emit: single_topic: results (events sent, replays, topics, schema versions) equal ([(1500, 0)])
[PASS] stream_emit: replay_heavy: the default event file is named events.jsonl (baseline's name mapped) (events.jsonl / events.jsonl)
[PASS] stream_emit: replay_heavy: same number of events (38563 vs 38563)
[PASS] stream_emit: replay_heavy: same order of (table, row, replay) for every event (first difference at event None)
[PASS] stream_emit: replay_heavy: envelope fields (mapped baseline names + shapetable, shapeseq) (first at [])
[PASS] stream_emit: replay_heavy: envelope values equal (specversion, source, type, datacontenttype, topic, schemaversion) (first at [])
[PASS] stream_emit: replay_heavy: Shape time/replaytime are ISO-8601 UTC, id is <table>/<row> (first at [])
[PASS] stream_emit: replay_heavy: a replayed event repeats the id of its original
[PASS] stream_emit: replay_heavy: data field names and order (mapped)
[PASS] stream_emit: replay_heavy: data values equal (38563 rows, 10 columns)
[PASS] stream_emit: replay_heavy: _shape_event_time is the first date column's value (0 events)
[PASS] stream_emit: replay_heavy: results (events sent, replays, topics, schema versions) equal ([(800, 37763)])
[PASS] stream_emit: two_emits: the default event file is named events.jsonl (baseline's name mapped) (events.jsonl / events.jsonl)
[PASS] stream_emit: two_emits: same number of events (1200 vs 1200)
[PASS] stream_emit: two_emits: same order of (table, row, replay) for every event (first difference at event None)
[PASS] stream_emit: two_emits: envelope fields (mapped baseline names + shapetable, shapeseq) (first at [])
[PASS] stream_emit: two_emits: envelope values equal (specversion, source, type, datacontenttype, topic, schemaversion) (first at [])
[PASS] stream_emit: two_emits: Shape time/replaytime are ISO-8601 UTC, id is <table>/<row> (first at [])
[PASS] stream_emit: two_emits: a replayed event repeats the id of its original
[PASS] stream_emit: two_emits: data field names and order (mapped)
[PASS] stream_emit: two_emits: data values equal (1200 rows, 10 columns)
[PASS] stream_emit: two_emits: _shape_event_time is the first date column's value (0 events)
[PASS] stream_emit: two_emits: results (events sent, replays, topics, schema versions) equal ([(600, 0), (600, 0)])
[PASS] stream_emit: default_path: the default event file is named events.jsonl (baseline's name mapped) (refengine_events.jsonl / events.jsonl)
[PASS] stream_emit: default_path: same number of events (50 vs 50)
[PASS] stream_emit: default_path: same order of (table, row, replay) for every event (first difference at event None)
[PASS] stream_emit: default_path: envelope fields (mapped baseline names + shapetable, shapeseq) (first at [])
[PASS] stream_emit: default_path: envelope values equal (specversion, source, type, datacontenttype, topic, schemaversion) (first at [])
[PASS] stream_emit: default_path: Shape time/replaytime are ISO-8601 UTC, id is <table>/<row> (first at [])
[PASS] stream_emit: default_path: a replayed event repeats the id of its original
[PASS] stream_emit: default_path: data field names and order (mapped)
[PASS] stream_emit: default_path: data values equal (50 rows, 7 columns)
[PASS] stream_emit: default_path: _shape_event_time is the first date column's value (0 events)
[PASS] stream_emit: default_path: results (events sent, replays, topics, schema versions) equal ([(50, 0)])
[PASS] stream_emit: SE-1 probe: the baseline ignores the burst window (paced at the base rate: about 3 s), Shape applies it (about 1 s) (baseline 3.32 s, Shape 1.01 s for 300 events at 100/s with a 3x burst for 1.5 s)
[PASS] stream_emit: SE-2 probe: the baseline's eventstream sink prints the events on standard output, Shape raises (baseline error None stdout lines 20; Shape error ValueError: Unknown sink_type 'eventstream'. Supported: console, file, or the URI of an emitter (kafka://, eventhubs://, eventstream://, ...).)
[PASS] stream_emit: SE-3 probe: every baseline event has its own correlation id (a replay repeats its original's), Shape's events share one (baseline 80 ids for 80 primary events; Shape 1)
[PASS] stream_emit: SE-4 probe: the baseline's second call replays events of the first, Shape's never does (replays of events outside the second call: baseline 10, Shape 0)
[PASS] stream_emit: T-21 events: (a)-(e) on 8 data fields (not equivalent: [])
[PASS] stream_emit: T-21: events delivered (primary and replays) (Shape 5565 vs baseline 5465 (tol 369.6))
[PASS] stream_emit: T-21: replayed events (Shape 565 vs baseline 465 (tol 210.0))
verify: ALL PASSED (550.6s) -> /root/bench-out/p604a/final_small.json
exit 0
