[PASS] file_drop negative control: caught: one changed value (tampered: data files equal)
[PASS] file_drop negative control: caught: a missing data file (tampered: same files; tampered: data files equal)
[PASS] file_drop negative control: caught: a renamed column (tampered: data files equal)
[PASS] file_drop negative control: caught: a manifest file_count off by one (tampered: data files equal; tampered: manifests equal)
[PASS] file_drop negative control: caught: a missing _done flag (tampered: same files; tampered: data files equal)
[PASS] file_drop negative control: caught: a missing row (tampered: data files equal)
[PASS] file_drop negative control: control: untouched Shape output passes T-21 ([])
[PASS] file_drop negative control: caught: every order_date a year later (KS)
[PASS] file_drop negative control: caught: a third of status values replaced (TVD / vocabulary)
[PASS] file_drop negative control: caught: a quarter of store_id nulled (null rate)
[PASS] hybrid negative control: caught: a changed value in the drop (tampered: data files equal)
[PASS] hybrid negative control: caught: a row stamped with another run id (tampered: every row of the drop and every event carries the run id (_correlation_id))
[PASS] hybrid negative control: caught: a manifest with another correlation id (tampered: every manifest has the run id as its correlation_id (HY-1))
[PASS] hybrid negative control: caught: an event with another correlation id (tampered: every event has the run id as its correlationid (HY-1))
[PASS] hybrid negative control: caught: a missing event (tampered: same number of events)
[PASS] hybrid negative control: caught: a missing data file (tampered: same files)
[PASS] scd2_file_drops negative control: caught: a changed key (tampered: data files equal)
[PASS] scd2_file_drops negative control: caught: a changed text column (tampered: data files equal)
[PASS] scd2_file_drops negative control: caught: an expired row with another valid_from than the initial date (tampered: data files equal)
[PASS] scd2_file_drops negative control: caught: an inserted row flagged not current (tampered: data files equal)
[PASS] scd2_file_drops negative control: caught: a missing delta file (tampered: same files)
[PASS] scd2_file_drops negative control: caught: a missing delta row (tampered: data files equal)
[PASS] scd2_file_drops negative control: control: untouched Shape chain is consistent ({'no_valid_from': 0, 'no_current_flag': 0, 'version_gaps': 0, 'not_exactly_one_current': 0, 'last_version_closed': 0})
[PASS] scd2_file_drops negative control: caught: a version without valid_from
[PASS] scd2_file_drops negative control: caught: a gap between versions
[PASS] state_machine negative control: caught: a changed to_state (tampered: events equal (event_id aside))
[PASS] state_machine negative control: caught: a transition time moved by one microsecond (tampered: events equal (event_id aside))
[PASS] state_machine negative control: caught: a dwell time changed in the fourth decimal (tampered: events equal (event_id aside))
[PASS] state_machine negative control: caught: a missing event (tampered: events equal (event_id aside))
[PASS] state_machine negative control: caught: a changed final state in the summary (tampered: summaries equal for entities that moved)
[PASS] state_machine negative control: caught: a changed statistic (tampered: stats equal)
[PASS] state_machine negative control: caught: a changed state distribution (tampered: state_distribution equal)
[PASS] state_machine negative control: caught: events in another order (tampered: events equal (event_id aside))
[PASS] state_machine negative control: control: untouched Shape events pass T-21 ([])
[PASS] state_machine negative control: caught: dwell times 30% longer (KS)
[PASS] state_machine negative control: caught: a tenth of the events flagged as anomalies (TVD)
[PASS] state_machine negative control: caught: a quarter of the to_state values changed (TVD)
[PASS] stream_emit negative control: caught: a missing event (tampered: same number of events)
[PASS] stream_emit negative control: caught: a changed data value (tampered: data values equal)
[PASS] stream_emit negative control: caught: two events swapped (tampered: same order of (table, row, replay) for every event; tampered: data values equal)
[PASS] stream_emit negative control: caught: a changed type (tampered: envelope values equal (specversion, source, type, datacontenttype, topic, schemaversion))
[PASS] stream_emit negative control: caught: a changed topic (tampered: envelope values equal (specversion, source, type, datacontenttype, topic, schemaversion))
[PASS] stream_emit negative control: caught: an event without data (tampered: same order of (table, row, replay) for every event; tampered: envelope fields (mapped baseline names + shapetable, shapeseq); tampered: data values equal)
[PASS] stream_emit negative control: caught: a replay that lost its flag (tampered: same order of (table, row, replay) for every event; tampered: envelope fields (mapped baseline names + shapetable, shapeseq))
[PASS] stream_emit negative control: caught: a renamed data field (tampered: data values equal)
[PASS] stream_emit negative control: caught: a changed _shape_seq (tampered: same order of (table, row, replay) for every event; tampered: data values equal)
[PASS] stream_emit negative control: control: untouched Shape events pass T-21 ([])
[PASS] stream_emit negative control: caught: every order_date a year later (KS)
[PASS] stream_emit negative control: caught: a third of status values replaced (TVD / vocabulary)
[PASS] stream_emit negative control: caught: a quarter of store_id nulled (null rate)
negative control: ALL PASSED (429.7s) -> /root/bench-out/p604a/final_negative.json
exit 0
