........................................................................ [  1%]
........................................................................ [  3%]
........................................................................ [  4%]
........................................................................ [  6%]
........................................................................ [  7%]
........................................................................ [  9%]
........................................................................ [ 10%]
........................................................................ [ 12%]
........................................................................ [ 13%]
........................................................................ [ 15%]
........................................................................ [ 16%]
........................................................................ [ 18%]
........................................................................ [ 19%]
........................................................................ [ 21%]
........................................................................ [ 22%]
........................................................................ [ 24%]
........................................................................ [ 25%]
........................................................................ [ 27%]
........................................................................ [ 28%]
........................................................................ [ 30%]
........................................................................ [ 31%]
........................................................................ [ 33%]
........................................................................ [ 35%]
........................................................................ [ 36%]
........................................................................ [ 38%]
........................................................................ [ 39%]
........................................................................ [ 41%]
........................................................................ [ 42%]
........................................................................ [ 44%]
........................................................................ [ 45%]
........................................................................ [ 47%]
........................................................................ [ 48%]
........................................................................ [ 50%]
........................................................................ [ 51%]
........................................................................ [ 53%]
........................................................................ [ 54%]
........................................................................ [ 56%]
........................................................................ [ 57%]
........................................................................ [ 59%]
........................................................................ [ 60%]
........................................................................ [ 62%]
........................................................................ [ 63%]
........................................................................ [ 65%]
....................................................................F... [ 66%]
........................................................................ [ 68%]
........................................................................ [ 70%]
........................................................................ [ 71%]
........................................................................ [ 73%]
........................................................................ [ 74%]
........................................................................ [ 76%]
........................................................................ [ 77%]
........................................................................ [ 79%]
........................................................................ [ 80%]
........................................................................ [ 82%]
........................................................................ [ 83%]
........................................................................ [ 85%]
........................................................................ [ 86%]
........................................................................ [ 88%]
........................................................................ [ 89%]
........................................................................ [ 91%]
........................................................................ [ 92%]
........................................................................ [ 94%]
........................................................................ [ 95%]
........................................................................ [ 97%]
........................................................................ [ 98%]
..................................................                       [100%]
=================================== FAILURES ===================================
___________________ test_every_skeleton_builds_a_pure_wheel ____________________

tmp_path = PosixPath('/tmp/pytest-of-root/pytest-14/test_every_skeleton_builds_a_p0')

    def test_every_skeleton_builds_a_pure_wheel(tmp_path):
        script = _script()
        assert script.build_wheels(tmp_path, isolated=not _pip_args()) == []
        assert len(list(tmp_path.glob("*.whl"))) == 7
>       assert not list((ROOT / "plugins").rglob("build")), "build left files in the source tree"
E       AssertionError: build left files in the source tree
E       assert not [PosixPath('/home/user/shape/plugins/shape-domains/build')]
E        +  where [PosixPath('/home/user/shape/plugins/shape-domains/build')] = list(<generator object Path.rglob at 0x7f53a6ad7670>)
E        +    where <generator object Path.rglob at 0x7f53a6ad7670> = rglob('build')
E        +      where rglob = (PosixPath('/home/user/shape') / 'plugins').rglob

tests/plugins/test_plugin_kit_install.py:159: AssertionError
=============================== warnings summary ===============================
tests/artifact/test_hardening.py::test_duplicate_member_rejected
tests/security/test_ga_security.py::test_archive_duplicate_member
  /usr/lib/python3.11/zipfile.py:1580: UserWarning: Duplicate name: 'manifest.json'
    return self._open_to_write(zinfo, force_zip64=force_zip64)

tests/integrations/test_fabric_spark.py::test_document_layout_matches_the_single_process_engine
  /root/.venvs/shape/lib/python3.11/site-packages/pyspark/testing/utils.py:127: FutureWarning: PySpark does not yet fully support pandas >= 3.0.0. Some features may not work correctly. It is recommended to use pandas < 3.0.0 for now.
    require_minimum_pandas_version()

tests/integrations/test_fabric_spark.py::test_document_layout_matches_the_single_process_engine
tests/integrations/test_fabric_spark.py::test_result_is_deterministic_and_ordered_by_partition
tests/integrations/test_fabric_spark.py::test_partitions_option_repartitions
tests/integrations/test_fabric_spark.py::test_top_n_limits_the_listed_values
tests/integrations/test_fabric_spark.py::test_nulls_and_an_all_null_partition
tests/integrations/test_fabric_spark.py::test_empty_table_profiles_to_zero_rows
tests/integrations/test_fabric_spark.py::test_executors_on_the_python_kernel_give_the_same_profile
  /root/.venvs/shape/lib/python3.11/site-packages/pyspark/sql/pandas/functions.py:777: FutureWarning: PySpark does not yet fully support pandas >= 3.0.0. Some features may not work correctly. It is recommended to use pandas < 3.0.0 for now.
    require_minimum_pandas_version()

tests/kernel/test_exact_kernel.py::test_count_numeric_infinities_and_whole_numbers
  /home/user/shape/src/shape/kernel/reference/exact.py:125: RuntimeWarning: invalid value encountered in cast
    "all_whole": bool(np.all(uniq == uniq.astype(np.int64))),

tests/kernel/test_exact_kernel.py::test_numeric_stats_with_infinities
  /root/.venvs/shape/lib/python3.11/site-packages/numpy/_core/_methods.py:49: RuntimeWarning: invalid value encountered in reduce
    return umr_sum(a, axis, dtype, out, keepdims, initial, where)

tests/kernel/test_exact_kernel.py::test_numeric_stats_with_infinities
  /home/user/shape/src/shape/kernel/reference/exact.py:41: RuntimeWarning: invalid value encountered in add
    res: np.ndarray = np.add(a, diff * t)

tests/kernel/test_exact_kernel.py::test_numeric_stats_with_infinities
  /home/user/shape/src/shape/kernel/reference/exact.py:42: RuntimeWarning: invalid value encountered in subtract
    np.subtract(b, diff * (1 - t), out=res, where=t >= 0.5, casting="unsafe", dtype=res.dtype)

-- Docs: https://docs.pytest.org/en/stable/how-to/capture-warnings.html
=========================== short test summary info ============================
FAILED tests/plugins/test_plugin_kit_install.py::test_every_skeleton_builds_a_pure_wheel
1 failed, 4729 passed, 46 deselected, 14 warnings in 816.80s (0:13:36)
exit=1
