262144 0.2665 18843328
131072 0.2327 18917706
65536 0.2639 19149577
262144 0.2849 18843328
131072 0.2471 18917706
65536 0.2787 19149577
262144 0.2646 18843328
131072 0.2252 18917706
65536 0.3064 19149577
262144 0.2776 18843328
131072 0.2901 18917706
65536 0.2958 19149577
262144 0.2466 18843328
131072 0.2988 18917706
65536 0.2642 19149577
262144 0.231 18843328
131072 0.2665 18917706
65536 0.3259 19149577
262144 0.2707 18843328
131072 0.2761 18917706
65536 0.2827 19149577
262144 0.2643 18843328
131072 0.2634 18917706
65536 0.2574 19149577
262144 0.2321 18843328
131072 0.2546 18917706
65536 0.326 19149577
262144 0.2557 18843328
131072 0.2625 18917706
65536 0.2482 19149577
