262144 0.1432 4669824
131072 0.159 4702161
65536 0.1676 4728023
262144 0.1369 4669824
131072 0.1739 4702161
65536 0.1414 4728023
262144 0.1931 4669824
131072 0.1894 4702161
65536 0.1519 4728023
262144 0.1881 4669824
131072 0.1778 4702161
65536 0.15 4728023
262144 0.1635 4669824
131072 0.2058 4702161
65536 0.1654 4728023
262144 0.1402 4669824
131072 0.1446 4702161
65536 0.1773 4728023
262144 0.1739 4669824
131072 0.1753 4702161
65536 0.1722 4728023
262144 0.1796 4669824
131072 0.1531 4702161
65536 0.147 4728023
262144 0.1825 4669824
131072 0.1598 4702161
65536 0.1395 4728023
262144 0.1437 4669824
131072 0.1514 4702161
65536 0.1447 4728023
