262144 0.6485 68131508
131072 0.6027 68496206
65536 0.5635 69789816
262144 0.5585 68131508
131072 0.5873 68496206
65536 0.5836 69789816
262144 0.5616 68131508
131072 0.5278 68496206
65536 0.5996 69789816
262144 0.5708 68131508
131072 0.5247 68496206
65536 0.5906 69789816
262144 0.5773 68131508
131072 0.5704 68496206
65536 0.5743 69789816
262144 0.5516 68131508
131072 0.5351 68496206
65536 0.5953 69789816
262144 0.5995 68131508
131072 0.575 68496206
65536 0.6697 69789816
262144 0.6871 68131508
131072 0.5841 68496206
65536 0.5777 69789816
262144 0.566 68131508
131072 0.5734 68496206
65536 0.5599 69789816
262144 0.5594 68131508
131072 0.5289 68496206
65536 0.5013 69789816
