jobs: 40   runs per tool: 4000   comparisons: 80   z = 4.369 (alpha 0.001, Bonferroni)
outputs identical cell for cell (informational): 800/4000
FAIL sub/value/inject_nulls/calm rate[inject_nulls]: 0.015 vs 0.012 (diff 0.003 > tolerance 0.001)
FAIL sub/value/out_of_range/calm rate[out_of_range]: 0.009 vs 0.007000000000000001 (diff 0.002 > tolerance 0.001)
FAIL sub/value/encoding_issues/calm rate[encoding_issues]: 0.009 vs 0.007000000000000001 (diff 0.002 > tolerance 0.001)
FAIL sub/value/future_dates/calm rate[future_dates]: 0.009 vs 0.007000000000000001 (diff 0.002 > tolerance 0.001)
FAIL sub/value/negative_amounts/calm rate[negative_amounts]: 0.009 vs 0.007000000000000001 (diff 0.002 > tolerance 0.001)
FAIL sub/value/inject_nulls/moderate rate[inject_nulls]: 0.06 vs 0.05 (diff 0.01 > tolerance 0.001)
FAIL sub/value/out_of_range/moderate rate[out_of_range]: 0.036 vs 0.03 (diff 0.006 > tolerance 0.001)
FAIL sub/value/wrong_types/moderate rate[wrong_types]: 0.024 vs 0.02 (diff 0.004 > tolerance 0.001)
FAIL sub/value/encoding_issues/moderate rate[encoding_issues]: 0.036 vs 0.03 (diff 0.006 > tolerance 0.001)
FAIL sub/value/future_dates/moderate rate[future_dates]: 0.036 vs 0.03 (diff 0.006 > tolerance 0.001)
FAIL sub/value/negative_amounts/moderate rate[negative_amounts]: 0.036 vs 0.03 (diff 0.006 > tolerance 0.001)
FAIL sub/value/inject_nulls/stormy rate[inject_nulls]: 0.15 vs 0.125 (diff 0.025 > tolerance 0.001)
FAIL sub/value/out_of_range/stormy rate[out_of_range]: 0.09 vs 0.075 (diff 0.015 > tolerance 0.001)
FAIL sub/value/wrong_types/stormy rate[wrong_types]: 0.06 vs 0.05 (diff 0.01 > tolerance 0.001)
FAIL sub/value/encoding_issues/stormy rate[encoding_issues]: 0.09 vs 0.075 (diff 0.015 > tolerance 0.001)
FAIL sub/value/future_dates/stormy rate[future_dates]: 0.09 vs 0.075 (diff 0.015 > tolerance 0.001)
FAIL sub/value/negative_amounts/stormy rate[negative_amounts]: 0.09 vs 0.075 (diff 0.015 > tolerance 0.001)
FAIL sub/value/inject_nulls/hurricane rate[inject_nulls]: 0.3 vs 0.25 (diff 0.05 > tolerance 0.001)
FAIL sub/value/out_of_range/hurricane rate[out_of_range]: 0.18 vs 0.15 (diff 0.03 > tolerance 0.001)
FAIL sub/value/wrong_types/hurricane rate[wrong_types]: 0.12 vs 0.1 (diff 0.02 > tolerance 0.001)
FAIL sub/value/encoding_issues/hurricane rate[encoding_issues]: 0.18 vs 0.15 (diff 0.03 > tolerance 0.001)
FAIL sub/value/future_dates/hurricane rate[future_dates]: 0.18 vs 0.15 (diff 0.03 > tolerance 0.001)
FAIL sub/value/negative_amounts/hurricane rate[negative_amounts]: 0.18 vs 0.15 (diff 0.03 > tolerance 0.001)
FAIL sub/temporal/late_arrivals/calm rate[late_arrivals]: 0.015 vs 0.012 (diff 0.003 > tolerance 0.001)
FAIL sub/temporal/out_of_order/calm rate[out_of_order]: 0.00797 vs 0.00599 (diff 0.00198 > tolerance 0.001)
FAIL sub/temporal/late_arrivals/moderate rate[late_arrivals]: 0.06 vs 0.05 (diff 0.01 > tolerance 0.001)
FAIL sub/temporal/out_of_order/moderate rate[out_of_order]: 0.03537 vs 0.029580000000000002 (diff 0.00579 > tolerance 0.001)
FAIL sub/temporal/late_arrivals/stormy rate[late_arrivals]: 0.15 vs 0.125 (diff 0.025 > tolerance 0.001)
FAIL sub/temporal/out_of_order/stormy rate[out_of_order]: 0.08612 vs 0.07148 (diff 0.01464 > tolerance 0.001088)
FAIL sub/temporal/late_arrivals/hurricane rate[late_arrivals]: 0.3 vs 0.25 (diff 0.05 > tolerance 0.001)
FAIL sub/temporal/out_of_order/hurricane rate[out_of_order]: 0.16461000000000003 vs 0.13915 (diff 0.02546 > tolerance 0.002085)
chaos_1to1: FAIL (report: /root/bench-out/chaos_1to1_negative.json)
negative control: detected the perturbation
